// Jest Snapshot v1, https://goo.gl/fbAQLP

exports[`Storyshots App Default View 1`] = `
<div
  className="App"
>
  <nav
    className="navbar navbar-default navbar-fixed-top navbar-inverse"
  >
    <div
      className="container-fluid"
    >
      <div
        className="navbar-header"
      >
        <a
          className="navbar-brand"
          href="/"
          onClick={[Function]}
        >
          Bonsai
        </a>
        <p
          className="navbar-text"
        >
          Trim your dependency trees
        </p>
      </div>
      <ul
        className="nav navbar-nav navbar-right"
      >
        <li>
          <a
            className="navbar-link"
            href="https://pinterest.github.io/bonsai/"
          >
            Docs
          </a>
        </li>
        <li>
          <a
            className="navbar-link"
            href="https://github.com/pinterest/bonsai"
          >
            Github
          </a>
        </li>
      </ul>
    </div>
  </nav>
  <div
    className="AppFixed"
  >
    <div
      className="AppView"
    >
      <aside
        className="container-fluid"
      >
        <div
          className="row"
        >
          <div
            className="col-sm-12"
          >
            <div
              onClick={[Function]}
              style={undefined}
            >
              <input
                className="form-control"
                id="drag-drop-upload"
                onChange={[Function]}
                style={
                  Object {
                    "display": "none",
                  }
                }
                type="file"
              />
              <div
                className="well well-sm clearfix"
              >
                <div
                  className="form-group col-sm-12"
                >
                  <label
                    className="control-label"
                  >
                    Drag & Drop your 
                    <code>
                      stats.json
                    </code>
                     file here
                  </label>
                  <span
                    className="col-sm-12 help-block"
                    id="drag-drop-helpblock"
                  >
                    Run 
                    <kbd>
                      webpack --json &gt; stats.json
                    </kbd>
                     to get started.
                  </span>
                </div>
              </div>
            </div>
          </div>
        </div>
      </aside>
    </div>
  </div>
</div>
`;

exports[`Storyshots App FileInput stacked on Stats 1`] = `
<div
  className="App"
>
  <nav
    className="navbar navbar-default navbar-fixed-top navbar-inverse"
  >
    <div
      className="container-fluid"
    >
      <div
        className="navbar-header"
      >
        <a
          className="navbar-brand"
          href="/"
          onClick={[Function]}
        >
          Bonsai
        </a>
        <p
          className="navbar-text"
        >
          Trim your dependency trees
        </p>
      </div>
      <ul
        className="nav navbar-nav navbar-right"
      >
        <li>
          <a
            className="navbar-link"
            href="https://pinterest.github.io/bonsai/"
          >
            Docs
          </a>
        </li>
        <li>
          <a
            className="navbar-link"
            href="https://github.com/pinterest/bonsai"
          >
            Github
          </a>
        </li>
      </ul>
    </div>
  </nav>
  <div
    className="AppFixed"
  >
    <div
      className="AppView"
    >
      <aside
        className="container-fluid"
      >
        <div
          className="row"
        >
          <div
            className="col-sm-12"
          >
            <div
              onClick={[Function]}
              style={undefined}
            >
              <input
                className="form-control"
                id="drag-drop-upload"
                onChange={[Function]}
                style={
                  Object {
                    "display": "none",
                  }
                }
                type="file"
              />
              <div
                className="clearfix"
              >
                <div
                  className="form-horizontal"
                >
                  <div
                    className="form-group"
                  >
                    <label
                      className="col-sm-1 control-label"
                    >
                      Filename
                    </label>
                    <div
                      className="col-sm-11"
                      onClick={[Function]}
                    >
                      <p
                        className="form-control-static"
                      >
                        stats.json
                      </p>
                    </div>
                  </div>
                </div>
              </div>
            </div>
          </div>
        </div>
      </aside>
      <main
        className="container-fluid"
      >
        <div
          className="row"
        >
          <div
            className="col-sm-12"
          >
            <div
              className="form-horizontal"
            >
              <div
                className="form-group"
              >
                <label
                  className="col-sm-1 control-label"
                >
                  Chunk
                </label>
                <div
                  className="col-sm-11"
                >
                  <div
                    className="btn-group "
                    style={undefined}
                  >
                    <button
                      aria-expanded={false}
                      aria-haspopup="true"
                      className="btn btn-default dropdown-toggle"
                      data-toggle="dropdown"
                      disabled={null}
                      onClick={[Function]}
                      type="button"
                    >
                      - pick a chunk -
                       
                      <span
                        className="caret"
                      />
                    </button>
                  </div>
                </div>
              </div>
            </div>
          </div>
        </div>
        <div
          className="row"
        >
          <div
            className="col-sm-12"
          />
        </div>
      </main>
    </div>
  </div>
</div>
`;

exports[`Storyshots Bootstrap/Button Block 1`] = `
<button
  className="btn btn-default btn-block"
  disabled={null}
  onClick={[Function]}
  style={null}
  type="button"
>
  Click Me!
</button>
`;

exports[`Storyshots Bootstrap/Button Disabled 1`] = `
<button
  className="btn btn-default"
  disabled="disabed"
  onClick={null}
  style={null}
  type="button"
>
  Click Me!
</button>
`;

exports[`Storyshots Bootstrap/Button Disabled Success 1`] = `
<button
  className="btn btn-success"
  disabled="disabed"
  onClick={null}
  style={null}
  type="button"
>
  Click Me!
</button>
`;

exports[`Storyshots Bootstrap/Button Large 1`] = `
<button
  className="btn btn-default btn-lg"
  disabled={null}
  onClick={[Function]}
  style={null}
  type="button"
>
  Click Me!
</button>
`;

exports[`Storyshots Bootstrap/Button Success 1`] = `
<button
  className="btn btn-success"
  disabled={null}
  onClick={[Function]}
  style={null}
  type="button"
>
  Click Me!
</button>
`;

exports[`Storyshots Bootstrap/Button With onClick 1`] = `
<button
  className="btn btn-default"
  disabled={null}
  onClick={[Function]}
  style={null}
  type="button"
>
  Click Me!
</button>
`;

exports[`Storyshots Bootstrap/CloseButton Disabled 1`] = `
<div
  style={
    Object {
      "background": "#ddd",
      "height": "100px",
      "width": "100px",
    }
  }
>
  <button
    aria-label="Close"
    className="close"
    disabled="disabed"
    onClick={null}
    type="button"
  >
    <span
      aria-hidden="true"
    >
      ×
    </span>
  </button>
</div>
`;

exports[`Storyshots Bootstrap/CloseButton With onClick 1`] = `
<div
  style={
    Object {
      "background": "#ddd",
      "height": "100px",
      "width": "100px",
    }
  }
>
  <button
    aria-label="Close"
    className="close"
    disabled={null}
    onClick={[Function]}
    type="button"
  >
    <span
      aria-hidden="true"
    >
      ×
    </span>
  </button>
</div>
`;

exports[`Storyshots Bootstrap/Dropdown Basic 1`] = `
<div
  className="btn-group "
  style={undefined}
>
  <button
    aria-expanded={false}
    aria-haspopup="true"
    className="btn btn-default dropdown-toggle"
    data-toggle="dropdown"
    disabled={null}
    onClick={[Function]}
    type="button"
  >
    Show flyout
     
    <span
      className="caret"
    />
  </button>
</div>
`;

exports[`Storyshots Bootstrap/Dropdown Basic Warning 1`] = `
<div
  className="btn-group "
  style={undefined}
>
  <button
    aria-expanded={false}
    aria-haspopup="true"
    className="btn btn-warning dropdown-toggle"
    data-toggle="dropdown"
    disabled={null}
    onClick={[Function]}
    type="button"
  >
    Show flyout
     
    <span
      className="caret"
    />
  </button>
</div>
`;

exports[`Storyshots Bootstrap/Dropdown Basic align right 1`] = `
<div
  className="btn-group "
  style={undefined}
>
  <button
    aria-expanded={false}
    aria-haspopup="true"
    className="btn btn-default dropdown-toggle"
    data-toggle="dropdown"
    disabled={null}
    onClick={[Function]}
    type="button"
  >
    Show flyout
     
    <span
      className="caret"
    />
  </button>
</div>
`;

exports[`Storyshots Bootstrap/Dropdown Basic custom style 1`] = `
<div
  className="btn-group "
  style={
    Object {
      "background": "red",
      "padding": "10px",
    }
  }
>
  <button
    aria-expanded={false}
    aria-haspopup="true"
    className="btn btn-default dropdown-toggle"
    data-toggle="dropdown"
    disabled={null}
    onClick={[Function]}
    type="button"
  >
    Show flyout
     
    <span
      className="caret"
    />
  </button>
</div>
`;

exports[`Storyshots Bootstrap/Dropdown Basic disabled 1`] = `
<div
  className="btn-group "
  style={undefined}
>
  <button
    aria-expanded={false}
    aria-haspopup="true"
    className="btn btn-default dropdown-toggle"
    data-toggle="dropdown"
    disabled="disabed"
    onClick={null}
    type="button"
  >
    Show flyout
     
    <span
      className="caret"
    />
  </button>
</div>
`;

exports[`Storyshots Bootstrap/Dropdown List Content 1`] = `
<div
  className="btn-group "
  style={undefined}
>
  <button
    aria-expanded={false}
    aria-haspopup="true"
    className="btn btn-default dropdown-toggle"
    data-toggle="dropdown"
    disabled={null}
    onClick={[Function]}
    type="button"
  >
    Show list
     
    <span
      className="caret"
    />
  </button>
</div>
`;

exports[`Storyshots Bootstrap/Dropdown Split Button 1`] = `
<div
  className="btn-group "
  style={undefined}
>
  <button
    className="btn btn-default"
    disabled={null}
    onClick={[Function]}
    style={null}
    type="button"
  >
    Show list
  </button>
  <button
    aria-expanded={false}
    aria-haspopup="true"
    className="btn btn-default dropdown-toggle"
    data-toggle="dropdown"
    disabled={null}
    onClick={[Function]}
    type="button"
  >
    <span
      aria-hidden="true"
      className="caret"
    />
    <span
      className="sr-only"
    >
      expand
    </span>
  </button>
</div>
`;

exports[`Storyshots Bootstrap/Dropdown Split Button w/ Color 1`] = `
<div
  className="btn-group "
  style={undefined}
>
  <button
    className="btn btn-success"
    disabled={null}
    onClick={[Function]}
    style={null}
    type="button"
  >
    Show list
  </button>
  <button
    aria-expanded={false}
    aria-haspopup="true"
    className="btn btn-success dropdown-toggle"
    data-toggle="dropdown"
    disabled={null}
    onClick={[Function]}
    type="button"
  >
    <span
      aria-hidden="true"
      className="caret"
    />
    <span
      className="sr-only"
    >
      expand
    </span>
  </button>
</div>
`;

exports[`Storyshots Bootstrap/Dropdown Split Button w/ Glyph 1`] = `
<div
  className="btn-group "
  style={undefined}
>
  <button
    className="btn btn-default"
    disabled={null}
    onClick={[Function]}
    style={null}
    type="button"
  >
    Show list
  </button>
  <button
    aria-expanded={false}
    aria-haspopup="true"
    className="btn btn-default dropdown-toggle"
    data-toggle="dropdown"
    disabled={null}
    onClick={[Function]}
    type="button"
  >
    <span
      aria-hidden="true"
      className="glyphicon glyphicon-star"
    />
    <span
      className="sr-only"
    >
      expand
    </span>
  </button>
</div>
`;

exports[`Storyshots Bootstrap/Dropdown Split Button w/ List Content 1`] = `
<div
  className="btn-group "
  style={undefined}
>
  <button
    className="btn btn-default"
    disabled={null}
    onClick={[Function]}
    style={null}
    type="button"
  >
    Show list
  </button>
  <button
    aria-expanded={false}
    aria-haspopup="true"
    className="btn btn-default dropdown-toggle"
    data-toggle="dropdown"
    disabled={null}
    onClick={[Function]}
    type="button"
  >
    <span
      aria-hidden="true"
      className="caret"
    />
    <span
      className="sr-only"
    >
      expand
    </span>
  </button>
</div>
`;

exports[`Storyshots Bootstrap/Link Disabled 1`] = `
<a
  className="btn btn-link "
  disabled="disabled"
  href="#"
  role="button"
  target={null}
>
  Click Me!
</a>
`;

exports[`Storyshots Bootstrap/Link Disabled Success 1`] = `
<a
  className="btn btn-success "
  disabled="disabled"
  href="#"
  role="button"
  target={null}
>
  Click Me!
</a>
`;

exports[`Storyshots Bootstrap/Link Large 1`] = `
<a
  className="btn btn-link btn-lg"
  disabled={null}
  href="javascript: alert('Linked!');"
  role="button"
  target={null}
>
  Click Me!
</a>
`;

exports[`Storyshots Bootstrap/Link Opens new tab 1`] = `
<a
  className="btn btn-link "
  disabled={null}
  href="example.com"
  role="button"
  target="_blank"
>
  <span
    className="glyphicon glyphicon-new-window"
  />
   Open External Site
</a>
`;

exports[`Storyshots Bootstrap/Link Success 1`] = `
<a
  className="btn btn-success "
  disabled={null}
  href="javascript: alert('Linked!');"
  role="button"
  target={null}
>
  Click Me!
</a>
`;

exports[`Storyshots Bootstrap/Link With href 1`] = `
<a
  className="btn btn-link "
  disabled={null}
  href="javascript: alert('Linked!');"
  role="button"
  target={null}
>
  Click Me!
</a>
`;

exports[`Storyshots ExternalModuleLink Default 1`] = `
<a
  className="btn btn-link "
  disabled={null}
  href="http://example.com/./app/analytics/modules/AnalyticsMetric/AnalyticsMetric.js"
  role="button"
  target="_blank"
>
  <span
    aria-label="Open in new window"
    className="glyphicon glyphicon-new-window"
  />
</a>
`;

exports[`Storyshots ExternalModuleLink No prefix 1`] = `null`;

exports[`Storyshots FileInputRow File picked, no data paths 1`] = `
<div
  className="clearfix"
>
  <div
    className="form-horizontal"
  >
    <div
      className="form-group"
    >
      <label
        className="col-sm-1 control-label"
      >
        Filename
      </label>
      <div
        className="col-sm-11"
        onClick={[Function]}
      >
        <p
          className="form-control-static"
        >
          stats.json
        </p>
      </div>
    </div>
  </div>
</div>
`;

exports[`Storyshots FileInputRow No file picked - dragging 1`] = `
<div
  className="well well-sm clearfix"
>
  <div
    className="form-group col-sm-12"
  >
    <label
      className="control-label"
    >
      Drag & Drop your 
      <code>
        stats.json
      </code>
       file here
    </label>
    <span
      className="col-sm-12 help-block"
      id="drag-drop-helpblock"
    >
      Run 
      <kbd>
        webpack --json &gt; stats.json
      </kbd>
       to get started.
    </span>
  </div>
</div>
`;

exports[`Storyshots FileInputRow No file picked 1`] = `
<div
  className="well well-sm clearfix"
>
  <div
    className="form-group col-sm-12"
  >
    <label
      className="control-label"
    >
      Drag & Drop your 
      <code>
        stats.json
      </code>
       file here
    </label>
    <span
      className="col-sm-12 help-block"
      id="drag-drop-helpblock"
    >
      Run 
      <kbd>
        webpack --json &gt; stats.json
      </kbd>
       to get started.
    </span>
  </div>
</div>
`;

exports[`Storyshots FileInputRow No file picked, but has dataPaths - dragging 1`] = `
<div
  className="well well-sm clearfix"
>
  <div
    className="form-horizontal"
  >
    <div
      className="form-group"
    >
      <label
        className="col-sm-1 control-label"
      >
        Filename
      </label>
      <div
        className="col-sm-11"
        onClick={[Function]}
      >
        <select
          className="form-control"
          id="data-file-picker"
          onChange={[Function]}
          value=""
        >
          <option
            value=""
          />
          <option
            value="example.json"
          >
            example.json
          </option>
        </select>
      </div>
    </div>
  </div>
  <div
    className="form-group col-sm-12"
  >
    <label
      className="control-label"
    >
      Drag & Drop your 
      <code>
        stats.json
      </code>
       file here
    </label>
    <span
      className="col-sm-12 help-block"
      id="drag-drop-helpblock"
    >
      Run 
      <kbd>
        webpack --json &gt; stats.json
      </kbd>
       to get started.
    </span>
  </div>
</div>
`;

exports[`Storyshots FileInputRow No file picked, but has dataPaths 1`] = `
<div
  className="well well-sm clearfix"
>
  <div
    className="form-horizontal"
  >
    <div
      className="form-group"
    >
      <label
        className="col-sm-1 control-label"
      >
        Filename
      </label>
      <div
        className="col-sm-11"
        onClick={[Function]}
      >
        <select
          className="form-control"
          id="data-file-picker"
          onChange={[Function]}
          value=""
        >
          <option
            value=""
          />
          <option
            value="example.json"
          >
            example.json
          </option>
        </select>
      </div>
    </div>
  </div>
  <div
    className="form-group col-sm-12"
  >
    <label
      className="control-label"
    >
      Drag & Drop your 
      <code>
        stats.json
      </code>
       file here
    </label>
    <span
      className="col-sm-12 help-block"
      id="drag-drop-helpblock"
    >
      Run 
      <kbd>
        webpack --json &gt; stats.json
      </kbd>
       to get started.
    </span>
  </div>
</div>
`;

exports[`Storyshots FileInputRow With dataPaths and a file picked - dragging 1`] = `
<div
  className="well well-sm clearfix"
>
  <div
    className="form-horizontal"
  >
    <div
      className="form-group"
    >
      <label
        className="col-sm-1 control-label"
      >
        Filename
      </label>
      <div
        className="col-sm-11"
        onClick={[Function]}
      >
        <select
          className="form-control"
          id="data-file-picker"
          onChange={[Function]}
          value="example.json"
        >
          <option
            value=""
          />
          <option
            value="example.json"
          >
            example.json
          </option>
        </select>
      </div>
    </div>
  </div>
  <div
    className="form-group col-sm-12"
  >
    <label
      className="control-label"
    >
      Drag & Drop your 
      <code>
        stats.json
      </code>
       file here
    </label>
    <span
      className="col-sm-12 help-block"
      id="drag-drop-helpblock"
    >
      Run 
      <kbd>
        webpack --json &gt; stats.json
      </kbd>
       to get started.
    </span>
  </div>
</div>
`;

exports[`Storyshots FileInputRow With dataPaths and a file picked 1`] = `
<div
  className="clearfix"
>
  <div
    className="form-horizontal"
  >
    <div
      className="form-group"
    >
      <label
        className="col-sm-1 control-label"
      >
        Filename
      </label>
      <div
        className="col-sm-11"
        onClick={[Function]}
      >
        <select
          className="form-control"
          id="data-file-picker"
          onChange={[Function]}
          value="example.json"
        >
          <option
            value=""
          />
          <option
            value="example.json"
          >
            example.json
          </option>
        </select>
      </div>
    </div>
  </div>
</div>
`;

exports[`Storyshots SortLabel Something else is sorted 1`] = `
<div
  className="text-left"
>
  Size
</div>
`;

exports[`Storyshots SortLabel This field is sorted ASC 1`] = `
<div
  className="text-left"
>
  <span
    aria-hidden="true"
    className="glyphicon glyphicon-sort-by-attributes"
  />
   
  Size
</div>
`;

exports[`Storyshots SortLabel This field is sorted DESC 1`] = `
<div
  className="text-left"
>
  <span
    aria-hidden="true"
    className="glyphicon glyphicon-sort-by-attributes-alt"
  />
   
  Name
</div>
`;

exports[`Storyshots SortLabel This field is type \`alpha\` 1`] = `
<div
  className="text-left"
>
  <span
    aria-hidden="true"
    className="glyphicon glyphicon-sort-by-alphabet"
  />
   
  Name
</div>
`;

exports[`Storyshots SortLabel This field is type \`order\` 1`] = `
<div
  className="text-left"
>
  <span
    aria-hidden="true"
    className="glyphicon glyphicon-sort-by-order"
  />
   
  Rank
</div>
`;

exports[`Storyshots Unit 2.4 Bytes (b) 1`] = `
<span
  title="2 bytes"
>
  2.4 B
</span>
`;

exports[`Storyshots Unit 2.4 Gigabytes (GB) 1`] = `
<span
  title="2,400,000,000 bytes"
>
  2.4 GB
</span>
`;

exports[`Storyshots Unit 2.4 Kilobytes (KB) 1`] = `
<span
  title="2,400 bytes"
>
  2.4 KB
</span>
`;

exports[`Storyshots Unit 2.4 Megabytes (MB) 1`] = `
<span
  title="2,400,000 bytes"
>
  2.4 MB
</span>
`;

exports[`Storyshots Unit 2.4 Terabytes (TB) 1`] = `
<span
  title="2,400,000,000,000 bytes"
>
  2.4 TB
</span>
`;

exports[`Storyshots formatModuleName delegated dll 1`] = `
<span>
  <span
    title=""
  >
    delegated ./node_modules/classnames/index.js from dll-reference vendor
  </span>
  <br />
</span>
`;

exports[`Storyshots formatModuleName loader 1`] = `
<span>
  <span
    style={
      Object {
        "color": "#aaa",
      }
    }
    title="./~/html-webpack-plugin/lib/loader.js!./public/index.html"
  >
     
    ./~/html-webpack-plugin/lib/loader.js!
  </span>
  <span
    title="./~/html-webpack-plugin/lib/loader.js!./public/index.html"
  >
    ./public/index.html
  </span>
  <br />
</span>
`;

exports[`Storyshots formatModuleName loader with query 1`] = `
<span>
  <span
    style={
      Object {
        "color": "#aaa",
      }
    }
    title="./node_modules/babel-loader/lib/index.js?{\\"babelrc\\":false,\\"presets\\":[\\"./node_modules/react-scripts/node_modules/babel-preset-react-app/index.js\\"],\\"cacheDirectory\\":true}./node_modules/eslint-loader/index.js!./src/index.js"
  >
     
    ./node_modules/babel-loader/lib/index.js?{"babel…":true}!./node_modules/eslint-loader/index.js!
  </span>
  <span
    title="./node_modules/babel-loader/lib/index.js?{\\"babelrc\\":false,\\"presets\\":[\\"./node_modules/react-scripts/node_modules/babel-preset-react-app/index.js\\"],\\"cacheDirectory\\":true}./node_modules/eslint-loader/index.js!./src/index.js"
  >
    ./src/index.js
  </span>
  <br />
</span>
`;

exports[`Storyshots formatModuleName main and loader with query 1`] = `
<span>
  <span
    style={
      Object {
        "color": "#aaa",
      }
    }
    title="main ./node_modules/babel-loader/lib/index.js?{\\"babelrc\\":false,\\"presets\\":[\\"./node_modules/react-scripts/node_modules/babel-preset-react-app/index.js\\"],\\"cacheDirectory\\":true}./node_modules/eslint-loader/index.js!./src/index.js"
  >
     
    main ./node_modules/babel-loader/lib/index.js?{"babel…":true}!./node_modules/eslint-loader/index.js!
  </span>
  <span
    title="main ./node_modules/babel-loader/lib/index.js?{\\"babelrc\\":false,\\"presets\\":[\\"./node_modules/react-scripts/node_modules/babel-preset-react-app/index.js\\"],\\"cacheDirectory\\":true}./node_modules/eslint-loader/index.js!./src/index.js"
  >
    ./src/index.js
  </span>
  <br />
</span>
`;

exports[`Storyshots formatModuleName multi 1`] = `
<span>
  <span
    title=""
  >
    multi
  </span>
  <br />
  <span
    title=""
  >
    main
  </span>
  <br />
</span>
`;

exports[`Storyshots formatModuleName node module 1`] = `
<span>
  <span
    title=""
  >
    ./~/react-dev-utils/webpackHotDevClient.js
  </span>
  <br />
</span>
`;

exports[`Storyshots formatModuleName plain filepath 1`] = `
<span>
  <span
    title=""
  >
    components/stats/__stories__/formatModuleName.stories.js
  </span>
  <br />
</span>
`;
